// Jest Snapshot v1, https://goo.gl/fbAQLP

exports[`hasConfirmedEmail should throw an error when the passed value is falsy 1`] = `"Authentication credentials not valid or missing"`;
