// Jest Snapshot v1, https://goo.gl/fbAQLP

exports[`transformValidationErrors transforms ValidationErrors to FormikErrors 1`] = `
Object {
  "email": "must be a valid email",
  "password": "must be at least 12 characters",
}
`;
